------------------------------------------------------------
TimeQuest Timing Analyzer Summary
------------------------------------------------------------

Type  : Slow 1200mV 85C Model Setup 'FRQ:inst|clk_out'
Slack : -2.615
TNS   : -57.545

Type  : Slow 1200mV 85C Model Setup 'clk'
Slack : -0.266
TNS   : -0.266

Type  : Slow 1200mV 85C Model Hold 'clk'
Slack : 0.451
TNS   : 0.000

Type  : Slow 1200mV 85C Model Hold 'FRQ:inst|clk_out'
Slack : 0.452
TNS   : 0.000

Type  : Slow 1200mV 0C Model Setup 'FRQ:inst|clk_out'
Slack : -2.285
TNS   : -49.622

Type  : Slow 1200mV 0C Model Setup 'clk'
Slack : -0.139
TNS   : -0.139

Type  : Slow 1200mV 0C Model Hold 'FRQ:inst|clk_out'
Slack : 0.400
TNS   : 0.000

Type  : Slow 1200mV 0C Model Hold 'clk'
Slack : 0.400
TNS   : 0.000

Type  : Fast 1200mV 0C Model Setup 'FRQ:inst|clk_out'
Slack : -0.319
TNS   : -5.706

Type  : Fast 1200mV 0C Model Setup 'clk'
Slack : 0.459
TNS   : 0.000

Type  : Fast 1200mV 0C Model Hold 'FRQ:inst|clk_out'
Slack : 0.176
TNS   : 0.000

Type  : Fast 1200mV 0C Model Hold 'clk'
Slack : 0.186
TNS   : 0.000

------------------------------------------------------------
