TimeQuest Timing Analyzer report for Fun3to8
Mon Apr 10 10:48:02 2017
Quartus II Version 9.0 Build 235 06/17/2009 Service Pack 2 SJ Web Edition


---------------------
; Table of Contents ;
---------------------
  1. Legal Notice
  2. TimeQuest Timing Analyzer Summary
  3. Parallel Compilation
  4. Clocks
  5. Slow 1200mV 85C Model Fmax Summary
  6. Slow 1200mV 85C Model Setup Summary
  7. Slow 1200mV 85C Model Hold Summary
  8. Slow 1200mV 85C Model Recovery Summary
  9. Slow 1200mV 85C Model Removal Summary
 10. Slow 1200mV 85C Model Minimum Pulse Width
 11. Propagation Delay
 12. Minimum Propagation Delay
 13. Slow 1200mV 0C Model Fmax Summary
 14. Slow 1200mV 0C Model Setup Summary
 15. Slow 1200mV 0C Model Hold Summary
 16. Slow 1200mV 0C Model Recovery Summary
 17. Slow 1200mV 0C Model Removal Summary
 18. Slow 1200mV 0C Model Minimum Pulse Width
 19. Propagation Delay
 20. Minimum Propagation Delay
 21. Fast 1200mV 0C Model Setup Summary
 22. Fast 1200mV 0C Model Hold Summary
 23. Fast 1200mV 0C Model Recovery Summary
 24. Fast 1200mV 0C Model Removal Summary
 25. Fast 1200mV 0C Model Minimum Pulse Width
 26. Propagation Delay
 27. Minimum Propagation Delay
 28. Multicorner Timing Analysis Summary
 29. Progagation Delay
 30. Minimum Progagation Delay
 31. Board Trace Model Assignments
 32. Input Transition Times
 33. Slow Corner Signal Integrity Metrics
 34. Fast Corner Signal Integrity Metrics
 35. Clock Transfers
 36. Report TCCS
 37. Report RSKM
 38. Unconstrained Paths
 39. TimeQuest Timing Analyzer Messages



----------------
; Legal Notice ;
----------------
Copyright (C) 1991-2009 Altera Corporation
Your use of Altera Corporation's design tools, logic functions 
and other software and tools, and its AMPP partner logic 
functions, and any output files from any of the foregoing 
(including device programming or simulation files), and any 
associated documentation or information are expressly subject 
to the terms and conditions of the Altera Program License 
Subscription Agreement, Altera MegaCore Function License 
Agreement, or other applicable license agreement, including, 
without limitation, that your use is for the sole purpose of 
programming logic devices manufactured by Altera and sold by 
Altera or its authorized distributors.  Please refer to the 
applicable agreement for further details.



+-------------------------------------------------------------------------------------+
; TimeQuest Timing Analyzer Summary                                                   ;
+--------------------+----------------------------------------------------------------+
; Quartus II Version ; Version 9.0 Build 235 06/17/2009 Service Pack 2 SJ Web Edition ;
; Revision Name      ; Fun3to8                                                        ;
; Device Family      ; Cyclone III                                                    ;
; Device Name        ; EP3C40F780C8                                                   ;
; Timing Models      ; Final                                                          ;
; Delay Model        ; Combined                                                       ;
; Rise/Fall Delays   ; Enabled                                                        ;
+--------------------+----------------------------------------------------------------+


Parallel compilation was disabled, but you have multiple processors available. Enable parallel compilation to reduce compilation time.
+-------------------------------------+
; Parallel Compilation                ;
+----------------------------+--------+
; Processors                 ; Number ;
+----------------------------+--------+
; Number detected on machine ; 2      ;
; Maximum allowed            ; 1      ;
+----------------------------+--------+


----------
; Clocks ;
----------
No clocks to report.


--------------------------------------
; Slow 1200mV 85C Model Fmax Summary ;
--------------------------------------
No paths to report.


---------------------------------------
; Slow 1200mV 85C Model Setup Summary ;
---------------------------------------
No paths to report.


--------------------------------------
; Slow 1200mV 85C Model Hold Summary ;
--------------------------------------
No paths to report.


------------------------------------------
; Slow 1200mV 85C Model Recovery Summary ;
------------------------------------------
No paths to report.


-----------------------------------------
; Slow 1200mV 85C Model Removal Summary ;
-----------------------------------------
No paths to report.


---------------------------------------------
; Slow 1200mV 85C Model Minimum Pulse Width ;
---------------------------------------------
Nothing to report.


+--------------------------------------------------------------+
; Propagation Delay                                            ;
+------------+-------------+--------+--------+--------+--------+
; Input Port ; Output Port ; RR     ; RF     ; FR     ; FF     ;
+------------+-------------+--------+--------+--------+--------+
; a          ; D0          ;        ; 13.190 ; 13.767 ;        ;
; a          ; D1          ; 11.678 ;        ;        ; 12.002 ;
; a          ; D2          ;        ; 10.472 ; 11.002 ;        ;
; a          ; D3          ; 9.781  ;        ;        ; 10.004 ;
; a          ; D4          ;        ; 9.759  ; 10.222 ;        ;
; a          ; D5          ; 9.901  ;        ;        ; 10.128 ;
; a          ; D6          ;        ; 9.798  ; 10.277 ;        ;
; a          ; D7          ; 9.562  ;        ;        ; 9.825  ;
; b          ; D0          ;        ; 12.895 ; 13.476 ;        ;
; b          ; D1          ;        ; 11.324 ; 11.721 ;        ;
; b          ; D2          ; 10.369 ;        ;        ; 10.510 ;
; b          ; D3          ; 9.486  ;        ;        ; 9.663  ;
; b          ; D4          ;        ; 9.463  ; 9.931  ;        ;
; b          ; D5          ;        ; 9.452  ; 9.946  ;        ;
; b          ; D6          ; 9.643  ;        ;        ; 9.832  ;
; b          ; D7          ; 9.264  ;        ;        ; 9.483  ;
; c          ; D0          ;        ; 13.820 ; 14.378 ;        ;
; c          ; D1          ;        ; 12.251 ; 12.606 ;        ;
; c          ; D2          ;        ; 11.035 ; 11.550 ;        ;
; c          ; D3          ;        ; 10.191 ; 10.656 ;        ;
; c          ; D4          ; 10.485 ;        ;        ; 10.715 ;
; c          ; D5          ; 10.466 ;        ;        ; 10.648 ;
; c          ; D6          ; 10.468 ;        ;        ; 10.669 ;
; c          ; D7          ; 10.099 ;        ;        ; 10.316 ;
+------------+-------------+--------+--------+--------+--------+


+--------------------------------------------------------------+
; Minimum Propagation Delay                                    ;
+------------+-------------+--------+--------+--------+--------+
; Input Port ; Output Port ; RR     ; RF     ; FR     ; FF     ;
+------------+-------------+--------+--------+--------+--------+
; a          ; D0          ;        ; 12.785 ; 13.343 ;        ;
; a          ; D1          ; 11.398 ;        ;        ; 11.712 ;
; a          ; D2          ;        ; 10.186 ; 10.697 ;        ;
; a          ; D3          ; 9.525  ;        ;        ; 9.736  ;
; a          ; D4          ;        ; 9.501  ; 9.947  ;        ;
; a          ; D5          ; 9.639  ;        ;        ; 9.854  ;
; a          ; D6          ;        ; 9.538  ; 10.000 ;        ;
; a          ; D7          ; 9.314  ;        ;        ; 9.564  ;
; b          ; D0          ;        ; 12.501 ; 13.064 ;        ;
; b          ; D1          ;        ; 11.060 ; 11.440 ;        ;
; b          ; D2          ; 10.087 ;        ;        ; 10.221 ;
; b          ; D3          ; 9.241  ;        ;        ; 9.409  ;
; b          ; D4          ;        ; 9.216  ; 9.667  ;        ;
; b          ; D5          ;        ; 9.205  ; 9.682  ;        ;
; b          ; D6          ; 9.390  ;        ;        ; 9.571  ;
; b          ; D7          ; 9.027  ;        ;        ; 9.235  ;
; c          ; D0          ;        ; 13.390 ; 13.896 ;        ;
; c          ; D1          ;        ; 11.934 ; 12.261 ;        ;
; c          ; D2          ;        ; 10.720 ; 11.184 ;        ;
; c          ; D3          ;        ; 9.898  ; 10.330 ;        ;
; c          ; D4          ; 10.188 ;        ;        ; 10.402 ;
; c          ; D5          ; 10.170 ;        ;        ; 10.333 ;
; c          ; D6          ; 10.170 ;        ;        ; 10.353 ;
; c          ; D7          ; 9.815  ;        ;        ; 10.016 ;
+------------+-------------+--------+--------+--------+--------+


-------------------------------------
; Slow 1200mV 0C Model Fmax Summary ;
-------------------------------------
No paths to report.


--------------------------------------
; Slow 1200mV 0C Model Setup Summary ;
--------------------------------------
No paths to report.


-------------------------------------
; Slow 1200mV 0C Model Hold Summary ;
-------------------------------------
No paths to report.


-----------------------------------------
; Slow 1200mV 0C Model Recovery Summary ;
-----------------------------------------
No paths to report.


----------------------------------------
; Slow 1200mV 0C Model Removal Summary ;
----------------------------------------
No paths to report.


--------------------------------------------
; Slow 1200mV 0C Model Minimum Pulse Width ;
--------------------------------------------
Nothing to report.


+--------------------------------------------------------------+
; Propagation Delay                                            ;
+------------+-------------+--------+--------+--------+--------+
; Input Port ; Output Port ; RR     ; RF     ; FR     ; FF     ;
+------------+-------------+--------+--------+--------+--------+
; a          ; D0          ;        ; 12.222 ; 12.955 ;        ;
; a          ; D1          ; 11.122 ;        ;        ; 11.179 ;
; a          ; D2          ;        ; 9.853  ; 10.210 ;        ;
; a          ; D3          ; 9.269  ;        ;        ; 9.215  ;
; a          ; D4          ;        ; 9.191  ; 9.471  ;        ;
; a          ; D5          ; 9.372  ;        ;        ; 9.319  ;
; a          ; D6          ;        ; 9.223  ; 9.525  ;        ;
; a          ; D7          ; 9.048  ;        ;        ; 9.056  ;
; b          ; D0          ;        ; 11.949 ; 12.678 ;        ;
; b          ; D1          ;        ; 10.746 ; 10.964 ;        ;
; b          ; D2          ; 9.818  ;        ;        ; 9.691  ;
; b          ; D3          ; 8.999  ;        ;        ; 8.898  ;
; b          ; D4          ;        ; 8.916  ; 9.196  ;        ;
; b          ; D5          ;        ; 8.891  ; 9.218  ;        ;
; b          ; D6          ; 9.131  ;        ;        ; 9.058  ;
; b          ; D7          ; 8.775  ;        ;        ; 8.737  ;
; c          ; D0          ;        ; 12.842 ; 13.463 ;        ;
; c          ; D1          ;        ; 11.644 ; 11.738 ;        ;
; c          ; D2          ;        ; 10.402 ; 10.663 ;        ;
; c          ; D3          ;        ; 9.616  ; 9.839  ;        ;
; c          ; D4          ; 9.941  ;        ;        ; 9.836  ;
; c          ; D5          ; 9.933  ;        ;        ; 9.761  ;
; c          ; D6          ; 9.930  ;        ;        ; 9.790  ;
; c          ; D7          ; 9.579  ;        ;        ; 9.468  ;
+------------+-------------+--------+--------+--------+--------+


+--------------------------------------------------------------+
; Minimum Propagation Delay                                    ;
+------------+-------------+--------+--------+--------+--------+
; Input Port ; Output Port ; RR     ; RF     ; FR     ; FF     ;
+------------+-------------+--------+--------+--------+--------+
; a          ; D0          ;        ; 11.860 ; 12.567 ;        ;
; a          ; D1          ; 10.867 ;        ;        ; 10.928 ;
; a          ; D2          ;        ; 9.594  ; 9.941  ;        ;
; a          ; D3          ; 9.036  ;        ;        ; 8.984  ;
; a          ; D4          ;        ; 8.958  ; 9.230  ;        ;
; a          ; D5          ; 9.133  ;        ;        ; 9.084  ;
; a          ; D6          ;        ; 8.990  ; 9.283  ;        ;
; a          ; D7          ; 8.825  ;        ;        ; 8.832  ;
; b          ; D0          ;        ; 11.596 ; 12.301 ;        ;
; b          ; D1          ;        ; 10.509 ; 10.717 ;        ;
; b          ; D2          ; 9.562  ;        ;        ; 9.438  ;
; b          ; D3          ; 8.775  ;        ;        ; 8.677  ;
; b          ; D4          ;        ; 8.692  ; 8.965  ;        ;
; b          ; D5          ;        ; 8.669  ; 8.986  ;        ;
; b          ; D6          ; 8.903  ;        ;        ; 8.832  ;
; b          ; D7          ; 8.561  ;        ;        ; 8.524  ;
; c          ; D0          ;        ; 12.457 ; 13.025 ;        ;
; c          ; D1          ;        ; 11.357 ; 11.433 ;        ;
; c          ; D2          ;        ; 10.119 ; 10.342 ;        ;
; c          ; D3          ;        ; 9.353  ; 9.552  ;        ;
; c          ; D4          ; 9.662  ;        ;        ; 9.561  ;
; c          ; D5          ; 9.655  ;        ;        ; 9.488  ;
; c          ; D6          ; 9.652  ;        ;        ; 9.515  ;
; c          ; D7          ; 9.316  ;        ;        ; 9.206  ;
+------------+-------------+--------+--------+--------+--------+


--------------------------------------
; Fast 1200mV 0C Model Setup Summary ;
--------------------------------------
No paths to report.


-------------------------------------
; Fast 1200mV 0C Model Hold Summary ;
-------------------------------------
No paths to report.


-----------------------------------------
; Fast 1200mV 0C Model Recovery Summary ;
-----------------------------------------
No paths to report.


----------------------------------------
; Fast 1200mV 0C Model Removal Summary ;
----------------------------------------
No paths to report.


--------------------------------------------
; Fast 1200mV 0C Model Minimum Pulse Width ;
--------------------------------------------
Nothing to report.


+----------------------------------------------------------+
; Propagation Delay                                        ;
+------------+-------------+-------+-------+-------+-------+
; Input Port ; Output Port ; RR    ; RF    ; FR    ; FF    ;
+------------+-------------+-------+-------+-------+-------+
; a          ; D0          ;       ; 6.543 ; 7.013 ;       ;
; a          ; D1          ; 5.780 ;       ;       ; 6.720 ;
; a          ; D2          ;       ; 5.173 ; 5.875 ;       ;
; a          ; D3          ; 4.734 ;       ;       ; 5.498 ;
; a          ; D4          ;       ; 4.800 ; 5.535 ;       ;
; a          ; D5          ; 4.783 ;       ;       ; 5.558 ;
; a          ; D6          ;       ; 4.832 ; 5.562 ;       ;
; a          ; D7          ; 4.653 ;       ;       ; 5.414 ;
; b          ; D0          ;       ; 6.393 ; 6.832 ;       ;
; b          ; D1          ;       ; 5.804 ; 6.349 ;       ;
; b          ; D2          ; 4.979 ;       ;       ; 5.744 ;
; b          ; D3          ; 4.584 ;       ;       ; 5.302 ;
; b          ; D4          ;       ; 4.650 ; 5.357 ;       ;
; b          ; D5          ;       ; 4.646 ; 5.359 ;       ;
; b          ; D6          ; 4.663 ;       ;       ; 5.397 ;
; b          ; D7          ; 4.501 ;       ;       ; 5.215 ;
; c          ; D0          ;       ; 6.766 ; 7.252 ;       ;
; c          ; D1          ;       ; 6.181 ; 6.769 ;       ;
; c          ; D2          ;       ; 5.366 ; 6.091 ;       ;
; c          ; D3          ;       ; 4.921 ; 5.689 ;       ;
; c          ; D4          ; 5.001 ;       ;       ; 5.792 ;
; c          ; D5          ; 4.975 ;       ;       ; 5.754 ;
; c          ; D6          ; 4.998 ;       ;       ; 5.791 ;
; c          ; D7          ; 4.840 ;       ;       ; 5.608 ;
+------------+-------------+-------+-------+-------+-------+


+----------------------------------------------------------+
; Minimum Propagation Delay                                ;
+------------+-------------+-------+-------+-------+-------+
; Input Port ; Output Port ; RR    ; RF    ; FR    ; FF    ;
+------------+-------------+-------+-------+-------+-------+
; a          ; D0          ;       ; 6.347 ; 6.813 ;       ;
; a          ; D1          ; 5.652 ;       ;       ; 6.575 ;
; a          ; D2          ;       ; 5.038 ; 5.727 ;       ;
; a          ; D3          ; 4.618 ;       ;       ; 5.365 ;
; a          ; D4          ;       ; 4.679 ; 5.399 ;       ;
; a          ; D5          ; 4.664 ;       ;       ; 5.423 ;
; a          ; D6          ;       ; 4.711 ; 5.427 ;       ;
; a          ; D7          ; 4.540 ;       ;       ; 5.285 ;
; b          ; D0          ;       ; 6.203 ; 6.639 ;       ;
; b          ; D1          ;       ; 5.681 ; 6.212 ;       ;
; b          ; D2          ; 4.850 ;       ;       ; 5.601 ;
; b          ; D3          ; 4.473 ;       ;       ; 5.176 ;
; b          ; D4          ;       ; 4.535 ; 5.228 ;       ;
; b          ; D5          ;       ; 4.531 ; 5.230 ;       ;
; b          ; D6          ; 4.549 ;       ;       ; 5.268 ;
; b          ; D7          ; 4.393 ;       ;       ; 5.093 ;
; c          ; D0          ;       ; 6.548 ; 7.022 ;       ;
; c          ; D1          ;       ; 6.025 ; 6.599 ;       ;
; c          ; D2          ;       ; 5.212 ; 5.911 ;       ;
; c          ; D3          ;       ; 4.782 ; 5.528 ;       ;
; c          ; D4          ; 4.865 ;       ;       ; 5.633 ;
; c          ; D5          ; 4.841 ;       ;       ; 5.595 ;
; c          ; D6          ; 4.864 ;       ;       ; 5.630 ;
; c          ; D7          ; 4.712 ;       ;       ; 5.454 ;
+------------+-------------+-------+-------+-------+-------+


+----------------------------------------------------------------------------+
; Multicorner Timing Analysis Summary                                        ;
+------------------+-------+------+----------+---------+---------------------+
; Clock            ; Setup ; Hold ; Recovery ; Removal ; Minimum Pulse Width ;
+------------------+-------+------+----------+---------+---------------------+
; Worst-case Slack ; 0.0   ; 0.0  ; 0.0      ; 0.0     ; 0.0                 ;
; Design-wide TNS  ; 0.0   ; 0.0  ; 0.0      ; 0.0     ; N/A                 ;
+------------------+-------+------+----------+---------+---------------------+


+--------------------------------------------------------------+
; Progagation Delay                                            ;
+------------+-------------+--------+--------+--------+--------+
; Input Port ; Output Port ; RR     ; RF     ; FR     ; FF     ;
+------------+-------------+--------+--------+--------+--------+
; a          ; D0          ;        ; 13.190 ; 13.767 ;        ;
; a          ; D1          ; 11.678 ;        ;        ; 12.002 ;
; a          ; D2          ;        ; 10.472 ; 11.002 ;        ;
; a          ; D3          ; 9.781  ;        ;        ; 10.004 ;
; a          ; D4          ;        ; 9.759  ; 10.222 ;        ;
; a          ; D5          ; 9.901  ;        ;        ; 10.128 ;
; a          ; D6          ;        ; 9.798  ; 10.277 ;        ;
; a          ; D7          ; 9.562  ;        ;        ; 9.825  ;
; b          ; D0          ;        ; 12.895 ; 13.476 ;        ;
; b          ; D1          ;        ; 11.324 ; 11.721 ;        ;
; b          ; D2          ; 10.369 ;        ;        ; 10.510 ;
; b          ; D3          ; 9.486  ;        ;        ; 9.663  ;
; b          ; D4          ;        ; 9.463  ; 9.931  ;        ;
; b          ; D5          ;        ; 9.452  ; 9.946  ;        ;
; b          ; D6          ; 9.643  ;        ;        ; 9.832  ;
; b          ; D7          ; 9.264  ;        ;        ; 9.483  ;
; c          ; D0          ;        ; 13.820 ; 14.378 ;        ;
; c          ; D1          ;        ; 12.251 ; 12.606 ;        ;
; c          ; D2          ;        ; 11.035 ; 11.550 ;        ;
; c          ; D3          ;        ; 10.191 ; 10.656 ;        ;
; c          ; D4          ; 10.485 ;        ;        ; 10.715 ;
; c          ; D5          ; 10.466 ;        ;        ; 10.648 ;
; c          ; D6          ; 10.468 ;        ;        ; 10.669 ;
; c          ; D7          ; 10.099 ;        ;        ; 10.316 ;
+------------+-------------+--------+--------+--------+--------+


+----------------------------------------------------------+
; Minimum Progagation Delay                                ;
+------------+-------------+-------+-------+-------+-------+
; Input Port ; Output Port ; RR    ; RF    ; FR    ; FF    ;
+------------+-------------+-------+-------+-------+-------+
; a          ; D0          ;       ; 6.347 ; 6.813 ;       ;
; a          ; D1          ; 5.652 ;       ;       ; 6.575 ;
; a          ; D2          ;       ; 5.038 ; 5.727 ;       ;
; a          ; D3          ; 4.618 ;       ;       ; 5.365 ;
; a          ; D4          ;       ; 4.679 ; 5.399 ;       ;
; a          ; D5          ; 4.664 ;       ;       ; 5.423 ;
; a          ; D6          ;       ; 4.711 ; 5.427 ;       ;
; a          ; D7          ; 4.540 ;       ;       ; 5.285 ;
; b          ; D0          ;       ; 6.203 ; 6.639 ;       ;
; b          ; D1          ;       ; 5.681 ; 6.212 ;       ;
; b          ; D2          ; 4.850 ;       ;       ; 5.601 ;
; b          ; D3          ; 4.473 ;       ;       ; 5.176 ;
; b          ; D4          ;       ; 4.535 ; 5.228 ;       ;
; b          ; D5          ;       ; 4.531 ; 5.230 ;       ;
; b          ; D6          ; 4.549 ;       ;       ; 5.268 ;
; b          ; D7          ; 4.393 ;       ;       ; 5.093 ;
; c          ; D0          ;       ; 6.548 ; 7.022 ;       ;
; c          ; D1          ;       ; 6.025 ; 6.599 ;       ;
; c          ; D2          ;       ; 5.212 ; 5.911 ;       ;
; c          ; D3          ;       ; 4.782 ; 5.528 ;       ;
; c          ; D4          ; 4.865 ;       ;       ; 5.633 ;
; c          ; D5          ; 4.841 ;       ;       ; 5.595 ;
; c          ; D6          ; 4.864 ;       ;       ; 5.630 ;
; c          ; D7          ; 4.712 ;       ;       ; 5.454 ;
+------------+-------------+-------+-------+-------+-------+


+------------------------------------------------------------------------------------------------------------------------------------------------------------------------------------------------------------------------------------------------------------------------------------------------------------------------------------------------------------------+
; Board Trace Model Assignments                                                                                                                                                                                                                                                                                                                                    ;
+---------------+--------------+-------------------+-------------------------+-------------------------+---------------+---------------------+----------------+------------------+--------+------------------+------------------------+------------------------+--------------+---------------+-----------------+-------+---------------------+--------------------+
; Pin           ; I/O Standard ; Near Tline Length ; Near Tline L per Length ; Near Tline C per Length ; Near Series R ; Near Differential R ; Near Pull-up R ; Near Pull-down R ; Near C ; Far Tline Length ; Far Tline L per Length ; Far Tline C per Length ; Far Series R ; Far Pull-up R ; Far Pull-down R ; Far C ; Termination Voltage ; Far Differential R ;
+---------------+--------------+-------------------+-------------------------+-------------------------+---------------+---------------------+----------------+------------------+--------+------------------+------------------------+------------------------+--------------+---------------+-----------------+-------+---------------------+--------------------+
; D0            ; 2.5 V        ; 0 in              ; 0 H/in                  ; 0 F/in                  ; short         ; -                   ; open           ; open             ; open   ; 0 in             ; 0 H/in                 ; 0 F/in                 ; short        ; open          ; open            ; open  ; 0 V                 ; -                  ;
; D1            ; 2.5 V        ; 0 in              ; 0 H/in                  ; 0 F/in                  ; short         ; -                   ; open           ; open             ; open   ; 0 in             ; 0 H/in                 ; 0 F/in                 ; short        ; open          ; open            ; open  ; 0 V                 ; -                  ;
; D2            ; 2.5 V        ; 0 in              ; 0 H/in                  ; 0 F/in                  ; short         ; -                   ; open           ; open             ; open   ; 0 in             ; 0 H/in                 ; 0 F/in                 ; short        ; open          ; open            ; open  ; 0 V                 ; -                  ;
; D3            ; 2.5 V        ; 0 in              ; 0 H/in                  ; 0 F/in                  ; short         ; -                   ; open           ; open             ; open   ; 0 in             ; 0 H/in                 ; 0 F/in                 ; short        ; open          ; open            ; open  ; 0 V                 ; -                  ;
; D4            ; 2.5 V        ; 0 in              ; 0 H/in                  ; 0 F/in                  ; short         ; -                   ; open           ; open             ; open   ; 0 in             ; 0 H/in                 ; 0 F/in                 ; short        ; open          ; open            ; open  ; 0 V                 ; -                  ;
; D5            ; 2.5 V        ; 0 in              ; 0 H/in                  ; 0 F/in                  ; short         ; -                   ; open           ; open             ; open   ; 0 in             ; 0 H/in                 ; 0 F/in                 ; short        ; open          ; open            ; open  ; 0 V                 ; -                  ;
; D6            ; 2.5 V        ; 0 in              ; 0 H/in                  ; 0 F/in                  ; short         ; -                   ; open           ; open             ; open   ; 0 in             ; 0 H/in                 ; 0 F/in                 ; short        ; open          ; open            ; open  ; 0 V                 ; -                  ;
; D7            ; 2.5 V        ; 0 in              ; 0 H/in                  ; 0 F/in                  ; short         ; -                   ; open           ; open             ; open   ; 0 in             ; 0 H/in                 ; 0 F/in                 ; short        ; open          ; open            ; open  ; 0 V                 ; -                  ;
; ~ALTERA_DCLK~ ; 2.5 V        ; 0 in              ; 0 H/in                  ; 0 F/in                  ; short         ; -                   ; open           ; open             ; open   ; 0 in             ; 0 H/in                 ; 0 F/in                 ; short        ; open          ; open            ; open  ; 0 V                 ; -                  ;
; ~ALTERA_nCEO~ ; 2.5 V        ; 0 in              ; 0 H/in                  ; 0 F/in                  ; short         ; -                   ; open           ; open             ; open   ; 0 in             ; 0 H/in                 ; 0 F/in                 ; short        ; open          ; open            ; open  ; 0 V                 ; -                  ;
+---------------+--------------+-------------------+-------------------------+-------------------------+---------------+---------------------+----------------+------------------+--------+------------------+------------------------+------------------------+--------------+---------------+-----------------+-------+---------------------+--------------------+


+----------------------------------------------------------------------------+
; Input Transition Times                                                     ;
+-------------------------+--------------+-----------------+-----------------+
; Pin                     ; I/O Standard ; 10-90 Rise Time ; 90-10 Fall Time ;
+-------------------------+--------------+-----------------+-----------------+
; a                       ; 2.5 V        ; 2000 ps         ; 2000 ps         ;
; c                       ; 2.5 V        ; 2000 ps         ; 2000 ps         ;
; b                       ; 2.5 V        ; 2000 ps         ; 2000 ps         ;
; ~ALTERA_ASDO_DATA1~     ; 2.5 V        ; 2000 ps         ; 2000 ps         ;
; ~ALTERA_FLASH_nCE_nCSO~ ; 2.5 V        ; 2000 ps         ; 2000 ps         ;
; ~ALTERA_DATA0~          ; 2.5 V        ; 2000 ps         ; 2000 ps         ;
+-------------------------+--------------+-----------------+-----------------+


+--------------------------------------------------------------------------------------------------------------------------------------------------------------------------------------------------------------------------------------------------------------------------------------------------------------------------------------------------------------------------------------------------------------------------------------------------------------------------------------------------------------------------------------------------------------------------------------------------------------------------------------------------------------------------------------------+
; Slow Corner Signal Integrity Metrics                                                                                                                                                                                                                                                                                                                                                                                                                                                                                                                                                                                                                                                       ;
+---------------+--------------+---------------------+---------------------+------------------------------+------------------------------+---------------------+---------------------+--------------------------------------+--------------------------------------+-----------------------------+-----------------------------+----------------------------+----------------------------+-----------------------------+-----------------------------+--------------------+--------------------+-------------------------------------+-------------------------------------+----------------------------+----------------------------+---------------------------+---------------------------+
; Pin           ; I/O Standard ; Board Delay on Rise ; Board Delay on Fall ; Steady State Voh at FPGA Pin ; Steady State Vol at FPGA Pin ; Voh Max at FPGA Pin ; Vol Min at FPGA Pin ; Ringback Voltage on Rise at FPGA Pin ; Ringback Voltage on Fall at FPGA Pin ; 10-90 Rise Time at FPGA Pin ; 90-10 Fall Time at FPGA Pin ; Monotonic Rise at FPGA Pin ; Monotonic Fall at FPGA Pin ; Steady State Voh at Far-end ; Steady State Vol at Far-end ; Voh Max at Far-end ; Vol Min at Far-end ; Ringback Voltage on Rise at Far-end ; Ringback Voltage on Fall at Far-end ; 10-90 Rise Time at Far-end ; 90-10 Fall Time at Far-end ; Monotonic Rise at Far-end ; Monotonic Fall at Far-end ;
+---------------+--------------+---------------------+---------------------+------------------------------+------------------------------+---------------------+---------------------+--------------------------------------+--------------------------------------+-----------------------------+-----------------------------+----------------------------+----------------------------+-----------------------------+-----------------------------+--------------------+--------------------+-------------------------------------+-------------------------------------+----------------------------+----------------------------+---------------------------+---------------------------+
; D0            ; 2.5 V        ; 0 s                 ; 0 s                 ; 2.32 V                       ; 2.9e-007 V                   ; 2.35 V              ; -0.00118 V          ; 0.061 V                              ; 0.002 V                              ; 4.84e-010 s                 ; 4.97e-010 s                 ; Yes                        ; Yes                        ; 2.32 V                      ; 2.9e-007 V                  ; 2.35 V             ; -0.00118 V         ; 0.061 V                             ; 0.002 V                             ; 4.84e-010 s                ; 4.97e-010 s                ; Yes                       ; Yes                       ;
; D1            ; 2.5 V        ; 0 s                 ; 0 s                 ; 2.32 V                       ; 1.95e-007 V                  ; 2.33 V              ; -0.00205 V          ; 0.092 V                              ; 0.051 V                              ; 3.98e-009 s                 ; 3.76e-009 s                 ; Yes                        ; Yes                        ; 2.32 V                      ; 1.95e-007 V                 ; 2.33 V             ; -0.00205 V         ; 0.092 V                             ; 0.051 V                             ; 3.98e-009 s                ; 3.76e-009 s                ; Yes                       ; Yes                       ;
; D2            ; 2.5 V        ; 0 s                 ; 0 s                 ; 2.32 V                       ; 1.95e-007 V                  ; 2.34 V              ; -0.00564 V          ; 0.078 V                              ; 0.022 V                              ; 9.09e-010 s                 ; 8.83e-010 s                 ; Yes                        ; Yes                        ; 2.32 V                      ; 1.95e-007 V                 ; 2.34 V             ; -0.00564 V         ; 0.078 V                             ; 0.022 V                             ; 9.09e-010 s                ; 8.83e-010 s                ; Yes                       ; Yes                       ;
; D3            ; 2.5 V        ; 0 s                 ; 0 s                 ; 2.32 V                       ; 1.95e-007 V                  ; 2.34 V              ; -0.00564 V          ; 0.078 V                              ; 0.022 V                              ; 9.09e-010 s                 ; 8.83e-010 s                 ; Yes                        ; Yes                        ; 2.32 V                      ; 1.95e-007 V                 ; 2.34 V             ; -0.00564 V         ; 0.078 V                             ; 0.022 V                             ; 9.09e-010 s                ; 8.83e-010 s                ; Yes                       ; Yes                       ;
; D4            ; 2.5 V        ; 0 s                 ; 0 s                 ; 2.32 V                       ; 1.95e-007 V                  ; 2.34 V              ; -0.00564 V          ; 0.078 V                              ; 0.022 V                              ; 9.09e-010 s                 ; 8.83e-010 s                 ; Yes                        ; Yes                        ; 2.32 V                      ; 1.95e-007 V                 ; 2.34 V             ; -0.00564 V         ; 0.078 V                             ; 0.022 V                             ; 9.09e-010 s                ; 8.83e-010 s                ; Yes                       ; Yes                       ;
; D5            ; 2.5 V        ; 0 s                 ; 0 s                 ; 2.32 V                       ; 1.95e-007 V                  ; 2.34 V              ; -0.00564 V          ; 0.078 V                              ; 0.022 V                              ; 9.09e-010 s                 ; 8.83e-010 s                 ; Yes                        ; Yes                        ; 2.32 V                      ; 1.95e-007 V                 ; 2.34 V             ; -0.00564 V         ; 0.078 V                             ; 0.022 V                             ; 9.09e-010 s                ; 8.83e-010 s                ; Yes                       ; Yes                       ;
; D6            ; 2.5 V        ; 0 s                 ; 0 s                 ; 2.32 V                       ; 1.95e-007 V                  ; 2.34 V              ; -0.00564 V          ; 0.078 V                              ; 0.022 V                              ; 9.09e-010 s                 ; 8.83e-010 s                 ; Yes                        ; Yes                        ; 2.32 V                      ; 1.95e-007 V                 ; 2.34 V             ; -0.00564 V         ; 0.078 V                             ; 0.022 V                             ; 9.09e-010 s                ; 8.83e-010 s                ; Yes                       ; Yes                       ;
; D7            ; 2.5 V        ; 0 s                 ; 0 s                 ; 2.32 V                       ; 1.95e-007 V                  ; 2.34 V              ; -0.00564 V          ; 0.078 V                              ; 0.022 V                              ; 9.09e-010 s                 ; 8.83e-010 s                 ; Yes                        ; Yes                        ; 2.32 V                      ; 1.95e-007 V                 ; 2.34 V             ; -0.00564 V         ; 0.078 V                             ; 0.022 V                             ; 9.09e-010 s                ; 8.83e-010 s                ; Yes                       ; Yes                       ;
; ~ALTERA_DCLK~ ; 2.5 V        ; 0 s                 ; 0 s                 ; 2.32 V                       ; 1.53e-007 V                  ; 2.34 V              ; -0.00829 V          ; 0.106 V                              ; 0.016 V                              ; 6.53e-010 s                 ; 5.54e-010 s                 ; Yes                        ; Yes                        ; 2.32 V                      ; 1.53e-007 V                 ; 2.34 V             ; -0.00829 V         ; 0.106 V                             ; 0.016 V                             ; 6.53e-010 s                ; 5.54e-010 s                ; Yes                       ; Yes                       ;
; ~ALTERA_nCEO~ ; 2.5 V        ; 0 s                 ; 0 s                 ; 2.32 V                       ; 2.51e-007 V                  ; 2.34 V              ; -0.00344 V          ; 0.118 V                              ; 0.017 V                              ; 8.67e-010 s                 ; 1.08e-009 s                 ; Yes                        ; Yes                        ; 2.32 V                      ; 2.51e-007 V                 ; 2.34 V             ; -0.00344 V         ; 0.118 V                             ; 0.017 V                             ; 8.67e-010 s                ; 1.08e-009 s                ; Yes                       ; Yes                       ;
+---------------+--------------+---------------------+---------------------+------------------------------+------------------------------+---------------------+---------------------+--------------------------------------+--------------------------------------+-----------------------------+-----------------------------+----------------------------+----------------------------+-----------------------------+-----------------------------+--------------------+--------------------+-------------------------------------+-------------------------------------+----------------------------+----------------------------+---------------------------+---------------------------+


+--------------------------------------------------------------------------------------------------------------------------------------------------------------------------------------------------------------------------------------------------------------------------------------------------------------------------------------------------------------------------------------------------------------------------------------------------------------------------------------------------------------------------------------------------------------------------------------------------------------------------------------------------------------------------------------------+
; Fast Corner Signal Integrity Metrics                                                                                                                                                                                                                                                                                                                                                                                                                                                                                                                                                                                                                                                       ;
+---------------+--------------+---------------------+---------------------+------------------------------+------------------------------+---------------------+---------------------+--------------------------------------+--------------------------------------+-----------------------------+-----------------------------+----------------------------+----------------------------+-----------------------------+-----------------------------+--------------------+--------------------+-------------------------------------+-------------------------------------+----------------------------+----------------------------+---------------------------+---------------------------+
; Pin           ; I/O Standard ; Board Delay on Rise ; Board Delay on Fall ; Steady State Voh at FPGA Pin ; Steady State Vol at FPGA Pin ; Voh Max at FPGA Pin ; Vol Min at FPGA Pin ; Ringback Voltage on Rise at FPGA Pin ; Ringback Voltage on Fall at FPGA Pin ; 10-90 Rise Time at FPGA Pin ; 90-10 Fall Time at FPGA Pin ; Monotonic Rise at FPGA Pin ; Monotonic Fall at FPGA Pin ; Steady State Voh at Far-end ; Steady State Vol at Far-end ; Voh Max at Far-end ; Vol Min at Far-end ; Ringback Voltage on Rise at Far-end ; Ringback Voltage on Fall at Far-end ; 10-90 Rise Time at Far-end ; 90-10 Fall Time at Far-end ; Monotonic Rise at Far-end ; Monotonic Fall at Far-end ;
+---------------+--------------+---------------------+---------------------+------------------------------+------------------------------+---------------------+---------------------+--------------------------------------+--------------------------------------+-----------------------------+-----------------------------+----------------------------+----------------------------+-----------------------------+-----------------------------+--------------------+--------------------+-------------------------------------+-------------------------------------+----------------------------+----------------------------+---------------------------+---------------------------+
; D0            ; 2.5 V        ; 0 s                 ; 0 s                 ; 2.62 V                       ; 4.11e-008 V                  ; 2.73 V              ; -0.0561 V           ; 0.191 V                              ; 0.122 V                              ; 2.69e-010 s                 ; 2.76e-010 s                 ; Yes                        ; Yes                        ; 2.62 V                      ; 4.11e-008 V                 ; 2.73 V             ; -0.0561 V          ; 0.191 V                             ; 0.122 V                             ; 2.69e-010 s                ; 2.76e-010 s                ; Yes                       ; Yes                       ;
; D1            ; 2.5 V        ; 0 s                 ; 0 s                 ; 2.62 V                       ; 2.78e-008 V                  ; 2.64 V              ; -0.0109 V           ; 0.244 V                              ; 0.16 V                               ; 2.42e-009 s                 ; 2.37e-009 s                 ; No                         ; Yes                        ; 2.62 V                      ; 2.78e-008 V                 ; 2.64 V             ; -0.0109 V          ; 0.244 V                             ; 0.16 V                              ; 2.42e-009 s                ; 2.37e-009 s                ; No                        ; Yes                       ;
; D2            ; 2.5 V        ; 0 s                 ; 0 s                 ; 2.62 V                       ; 2.78e-008 V                  ; 2.71 V              ; -0.0343 V           ; 0.253 V                              ; 0.066 V                              ; 4.96e-010 s                 ; 5.19e-010 s                 ; No                         ; Yes                        ; 2.62 V                      ; 2.78e-008 V                 ; 2.71 V             ; -0.0343 V          ; 0.253 V                             ; 0.066 V                             ; 4.96e-010 s                ; 5.19e-010 s                ; No                        ; Yes                       ;
; D3            ; 2.5 V        ; 0 s                 ; 0 s                 ; 2.62 V                       ; 2.78e-008 V                  ; 2.71 V              ; -0.0343 V           ; 0.253 V                              ; 0.066 V                              ; 4.96e-010 s                 ; 5.19e-010 s                 ; No                         ; Yes                        ; 2.62 V                      ; 2.78e-008 V                 ; 2.71 V             ; -0.0343 V          ; 0.253 V                             ; 0.066 V                             ; 4.96e-010 s                ; 5.19e-010 s                ; No                        ; Yes                       ;
; D4            ; 2.5 V        ; 0 s                 ; 0 s                 ; 2.62 V                       ; 2.78e-008 V                  ; 2.71 V              ; -0.0343 V           ; 0.253 V                              ; 0.066 V                              ; 4.96e-010 s                 ; 5.19e-010 s                 ; No                         ; Yes                        ; 2.62 V                      ; 2.78e-008 V                 ; 2.71 V             ; -0.0343 V          ; 0.253 V                             ; 0.066 V                             ; 4.96e-010 s                ; 5.19e-010 s                ; No                        ; Yes                       ;
; D5            ; 2.5 V        ; 0 s                 ; 0 s                 ; 2.62 V                       ; 2.78e-008 V                  ; 2.71 V              ; -0.0343 V           ; 0.253 V                              ; 0.066 V                              ; 4.96e-010 s                 ; 5.19e-010 s                 ; No                         ; Yes                        ; 2.62 V                      ; 2.78e-008 V                 ; 2.71 V             ; -0.0343 V          ; 0.253 V                             ; 0.066 V                             ; 4.96e-010 s                ; 5.19e-010 s                ; No                        ; Yes                       ;
; D6            ; 2.5 V        ; 0 s                 ; 0 s                 ; 2.62 V                       ; 2.78e-008 V                  ; 2.71 V              ; -0.0343 V           ; 0.253 V                              ; 0.066 V                              ; 4.96e-010 s                 ; 5.19e-010 s                 ; No                         ; Yes                        ; 2.62 V                      ; 2.78e-008 V                 ; 2.71 V             ; -0.0343 V          ; 0.253 V                             ; 0.066 V                             ; 4.96e-010 s                ; 5.19e-010 s                ; No                        ; Yes                       ;
; D7            ; 2.5 V        ; 0 s                 ; 0 s                 ; 2.62 V                       ; 2.78e-008 V                  ; 2.71 V              ; -0.0343 V           ; 0.253 V                              ; 0.066 V                              ; 4.96e-010 s                 ; 5.19e-010 s                 ; No                         ; Yes                        ; 2.62 V                      ; 2.78e-008 V                 ; 2.71 V             ; -0.0343 V          ; 0.253 V                             ; 0.066 V                             ; 4.96e-010 s                ; 5.19e-010 s                ; No                        ; Yes                       ;
; ~ALTERA_DCLK~ ; 2.5 V        ; 0 s                 ; 0 s                 ; 2.62 V                       ; 2.19e-008 V                  ; 2.72 V              ; -0.0746 V           ; 0.28 V                               ; 0.169 V                              ; 3.1e-010 s                  ; 3.01e-010 s                 ; No                         ; Yes                        ; 2.62 V                      ; 2.19e-008 V                 ; 2.72 V             ; -0.0746 V          ; 0.28 V                              ; 0.169 V                             ; 3.1e-010 s                 ; 3.01e-010 s                ; No                        ; Yes                       ;
; ~ALTERA_nCEO~ ; 2.5 V        ; 0 s                 ; 0 s                 ; 2.62 V                       ; 3.53e-008 V                  ; 2.7 V               ; -0.021 V            ; 0.204 V                              ; 0.048 V                              ; 4.85e-010 s                 ; 6.74e-010 s                 ; No                         ; Yes                        ; 2.62 V                      ; 3.53e-008 V                 ; 2.7 V              ; -0.021 V           ; 0.204 V                             ; 0.048 V                             ; 4.85e-010 s                ; 6.74e-010 s                ; No                        ; Yes                       ;
+---------------+--------------+---------------------+---------------------+------------------------------+------------------------------+---------------------+---------------------+--------------------------------------+--------------------------------------+-----------------------------+-----------------------------+----------------------------+----------------------------+-----------------------------+-----------------------------+--------------------+--------------------+-------------------------------------+-------------------------------------+----------------------------+----------------------------+---------------------------+---------------------------+


-------------------
; Clock Transfers ;
-------------------
No clock transfers to report.


---------------
; Report TCCS ;
---------------
No dedicated SERDES Transmitter circuitry present in device or used in design.


---------------
; Report RSKM ;
---------------
No dedicated SERDES Receiver circuitry present in device or used in design.


+------------------------------------------------+
; Unconstrained Paths                            ;
+---------------------------------+-------+------+
; Property                        ; Setup ; Hold ;
+---------------------------------+-------+------+
; Illegal Clocks                  ; 0     ; 0    ;
; Unconstrained Clocks            ; 0     ; 0    ;
; Unconstrained Input Ports       ; 3     ; 3    ;
; Unconstrained Input Port Paths  ; 24    ; 24   ;
; Unconstrained Output Ports      ; 8     ; 8    ;
; Unconstrained Output Port Paths ; 24    ; 24   ;
+---------------------------------+-------+------+


+------------------------------------+
; TimeQuest Timing Analyzer Messages ;
+------------------------------------+
Info: *******************************************************************
Info: Running Quartus II TimeQuest Timing Analyzer
    Info: Version 9.0 Build 235 06/17/2009 Service Pack 2 SJ Web Edition
    Info: Processing started: Mon Apr 10 10:47:56 2017
Info: Command: quartus_sta Fun3to8 -c Fun3to8
Info: qsta_default_script.tcl version: #1
Info: Core supply voltage is 1.2V
Info: Low junction temperature is 0 degrees C
Info: High junction temperature is 85 degrees C
Critical Warning: Synopsys Design Constraints File file not found: 'Fun3to8.sdc'. A Synopsys Design Constraints File is required by the TimeQuest Timing Analyzer to get proper timing constraints. Without it, the Compiler will not properly optimize the design.
Info: No user constrained base clocks found in the design. Calling "derive_clocks -period 1.0"
Info: The command derive_clocks did not find any clocks to derive.  No clocks were created or changed.
Warning: No clocks defined in design.
Info: No clocks to report
Info: Analyzing Slow 1200mV 85C Model
Info: No fmax paths to report
Info: No setup paths to report
Info: No hold paths to report
Info: No recovery paths to report
Info: No removal paths to report
Info: No minimum pulse width or minimum period width checks to report
Info: The Metastability Analysis global option is set to OFF.
Info: No synchronizer chains to report.
Info: Analyzing Slow 1200mV 0C Model
Info: Started post-fitting delay annotation
Info: Delay annotation completed successfully
Info: No user constrained base clocks found in the design. Calling "derive_clocks -period 1.0"
Info: The command derive_clocks did not find any clocks to derive.  No clocks were created or changed.
Warning: No clocks defined in design.
Info: No fmax paths to report
Info: No setup paths to report
Info: No hold paths to report
Info: No recovery paths to report
Info: No removal paths to report
Info: No minimum pulse width or minimum period width checks to report
Info: The Metastability Analysis global option is set to OFF.
Info: No synchronizer chains to report.
Info: Analyzing Fast 1200mV 0C Model
Info: Started post-fitting delay annotation
Info: Delay annotation completed successfully
Info: No user constrained base clocks found in the design. Calling "derive_clocks -period 1.0"
Info: The command derive_clocks did not find any clocks to derive.  No clocks were created or changed.
Warning: No clocks defined in design.
Info: No setup paths to report
Info: No hold paths to report
Info: No recovery paths to report
Info: No removal paths to report
Info: No minimum pulse width or minimum period width checks to report
Info: The Metastability Analysis global option is set to OFF.
Info: No synchronizer chains to report.
Warning: At least one of the filters had some problems and could not be matched.
    Warning: * could not be matched with a clock.
Info: Design is not fully constrained for setup requirements
Info: Design is not fully constrained for hold requirements
Info: Quartus II TimeQuest Timing Analyzer was successful. 0 errors, 6 warnings
    Info: Peak virtual memory: 286 megabytes
    Info: Processing ended: Mon Apr 10 10:48:02 2017
    Info: Elapsed time: 00:00:06
    Info: Total CPU time (on all processors): 00:00:03


